[2026-07-20T19:07:47.547+0000] {manager.py:488} INFO - Processing files using up to 2 processes at a time 
[2026-07-20T19:07:47.548+0000] {manager.py:489} INFO - Process each file at most once every 30 seconds
[2026-07-20T19:07:47.549+0000] {manager.py:490} INFO - Checking for new files in /opt/airflow/dags every 300 seconds
[2026-07-20T19:07:47.550+0000] {manager.py:760} INFO - Searching for files in /opt/airflow/dags
[2026-07-20T19:07:47.556+0000] {manager.py:763} INFO - There are 0 files in /opt/airflow/dags
[2026-07-20T19:12:48.131+0000] {manager.py:760} INFO - Searching for files in /opt/airflow/dags
[2026-07-20T19:12:48.140+0000] {manager.py:763} INFO - There are 0 files in /opt/airflow/dags
[2026-07-20T19:17:48.827+0000] {manager.py:760} INFO - Searching for files in /opt/airflow/dags
[2026-07-20T19:17:48.836+0000] {manager.py:763} INFO - There are 0 files in /opt/airflow/dags
[2026-07-20T19:22:49.452+0000] {manager.py:760} INFO - Searching for files in /opt/airflow/dags
[2026-07-20T19:22:49.460+0000] {manager.py:763} INFO - There are 0 files in /opt/airflow/dags
[2026-07-20T19:27:50.123+0000] {manager.py:760} INFO - Searching for files in /opt/airflow/dags
[2026-07-20T19:27:50.132+0000] {manager.py:763} INFO - There are 0 files in /opt/airflow/dags
[2026-07-20T19:32:50.767+0000] {manager.py:760} INFO - Searching for files in /opt/airflow/dags
[2026-07-20T19:32:50.772+0000] {manager.py:763} INFO - There are 0 files in /opt/airflow/dags
[2026-07-20T19:37:51.457+0000] {manager.py:760} INFO - Searching for files in /opt/airflow/dags
[2026-07-20T19:37:51.465+0000] {manager.py:763} INFO - There are 0 files in /opt/airflow/dags
[2026-07-20T19:42:52.128+0000] {manager.py:760} INFO - Searching for files in /opt/airflow/dags
[2026-07-20T19:42:52.143+0000] {manager.py:763} INFO - There are 0 files in /opt/airflow/dags
[2026-07-20T19:47:52.841+0000] {manager.py:760} INFO - Searching for files in /opt/airflow/dags
[2026-07-20T19:47:52.849+0000] {manager.py:763} INFO - There are 0 files in /opt/airflow/dags
[2026-07-20T19:52:53.531+0000] {manager.py:760} INFO - Searching for files in /opt/airflow/dags
[2026-07-20T19:52:53.540+0000] {manager.py:763} INFO - There are 0 files in /opt/airflow/dags
[2026-07-20T19:57:54.132+0000] {manager.py:760} INFO - Searching for files in /opt/airflow/dags
[2026-07-20T19:57:54.138+0000] {manager.py:763} INFO - There are 0 files in /opt/airflow/dags
[2026-07-20T20:02:54.777+0000] {manager.py:760} INFO - Searching for files in /opt/airflow/dags
[2026-07-20T20:02:54.782+0000] {manager.py:763} INFO - There are 0 files in /opt/airflow/dags
[2026-07-20T20:07:55.401+0000] {manager.py:760} INFO - Searching for files in /opt/airflow/dags
[2026-07-20T20:07:55.405+0000] {manager.py:763} INFO - There are 0 files in /opt/airflow/dags
[2026-07-20T20:12:56.128+0000] {manager.py:760} INFO - Searching for files in /opt/airflow/dags
[2026-07-20T20:12:56.135+0000] {manager.py:763} INFO - There are 0 files in /opt/airflow/dags
[2026-07-20T23:13:18.968+0000] {manager.py:760} INFO - Searching for files in /opt/airflow/dags
[2026-07-20T23:13:19.220+0000] {manager.py:763} INFO - There are 0 files in /opt/airflow/dags
[2026-07-21T03:12:19.666+0000] {manager.py:760} INFO - Searching for files in /opt/airflow/dags
[2026-07-21T03:12:21.561+0000] {manager.py:763} INFO - There are 0 files in /opt/airflow/dags
[2026-07-21T03:17:20.384+0000] {manager.py:760} INFO - Searching for files in /opt/airflow/dags
[2026-07-21T03:17:20.389+0000] {manager.py:763} INFO - There are 0 files in /opt/airflow/dags
[2026-07-21T03:22:21.071+0000] {manager.py:760} INFO - Searching for files in /opt/airflow/dags
[2026-07-21T03:22:21.080+0000] {manager.py:763} INFO - There are 0 files in /opt/airflow/dags
[2026-07-21T03:27:21.759+0000] {manager.py:760} INFO - Searching for files in /opt/airflow/dags
[2026-07-21T03:27:21.768+0000] {manager.py:763} INFO - There are 0 files in /opt/airflow/dags
[2026-07-21T03:32:22.388+0000] {manager.py:760} INFO - Searching for files in /opt/airflow/dags
[2026-07-21T03:32:22.397+0000] {manager.py:763} INFO - There are 0 files in /opt/airflow/dags
[2026-07-21T03:37:23.113+0000] {manager.py:760} INFO - Searching for files in /opt/airflow/dags
[2026-07-21T03:37:23.122+0000] {manager.py:763} INFO - There are 0 files in /opt/airflow/dags
[2026-07-21T03:42:23.887+0000] {manager.py:760} INFO - Searching for files in /opt/airflow/dags
[2026-07-21T03:42:23.893+0000] {manager.py:763} INFO - There are 0 files in /opt/airflow/dags
[2026-07-21T03:47:24.696+0000] {manager.py:760} INFO - Searching for files in /opt/airflow/dags
[2026-07-21T03:47:24.706+0000] {manager.py:763} INFO - There are 0 files in /opt/airflow/dags
[2026-07-21T03:52:25.433+0000] {manager.py:760} INFO - Searching for files in /opt/airflow/dags
[2026-07-21T03:52:25.440+0000] {manager.py:763} INFO - There are 0 files in /opt/airflow/dags
[2026-07-21T03:57:26.085+0000] {manager.py:760} INFO - Searching for files in /opt/airflow/dags
[2026-07-21T03:57:26.088+0000] {manager.py:763} INFO - There are 0 files in /opt/airflow/dags
[2026-07-21T04:02:26.715+0000] {manager.py:760} INFO - Searching for files in /opt/airflow/dags
[2026-07-21T04:02:26.720+0000] {manager.py:763} INFO - There are 0 files in /opt/airflow/dags
[2026-07-21T04:07:27.349+0000] {manager.py:760} INFO - Searching for files in /opt/airflow/dags
[2026-07-21T04:07:27.357+0000] {manager.py:763} INFO - There are 0 files in /opt/airflow/dags
[2026-07-21T04:12:28.073+0000] {manager.py:760} INFO - Searching for files in /opt/airflow/dags
[2026-07-21T04:12:28.081+0000] {manager.py:763} INFO - There are 0 files in /opt/airflow/dags
[2026-07-21T04:17:28.823+0000] {manager.py:760} INFO - Searching for files in /opt/airflow/dags
[2026-07-21T04:17:28.827+0000] {manager.py:763} INFO - There are 0 files in /opt/airflow/dags
[2026-07-21T04:22:29.479+0000] {manager.py:760} INFO - Searching for files in /opt/airflow/dags
[2026-07-21T04:22:29.483+0000] {manager.py:763} INFO - There are 0 files in /opt/airflow/dags
[2026-07-21T04:27:30.162+0000] {manager.py:760} INFO - Searching for files in /opt/airflow/dags
[2026-07-21T04:27:30.170+0000] {manager.py:763} INFO - There are 0 files in /opt/airflow/dags
[2026-07-21T04:32:30.782+0000] {manager.py:760} INFO - Searching for files in /opt/airflow/dags
[2026-07-21T04:32:30.788+0000] {manager.py:763} INFO - There are 0 files in /opt/airflow/dags
[2026-07-21T04:37:31.447+0000] {manager.py:760} INFO - Searching for files in /opt/airflow/dags
[2026-07-21T04:37:31.454+0000] {manager.py:763} INFO - There are 0 files in /opt/airflow/dags
[2026-07-21T04:42:32.147+0000] {manager.py:760} INFO - Searching for files in /opt/airflow/dags
[2026-07-21T04:42:32.153+0000] {manager.py:763} INFO - There are 0 files in /opt/airflow/dags
[2026-07-21T04:47:32.841+0000] {manager.py:760} INFO - Searching for files in /opt/airflow/dags
[2026-07-21T04:47:32.849+0000] {manager.py:763} INFO - There are 0 files in /opt/airflow/dags
[2026-07-21T04:52:33.511+0000] {manager.py:760} INFO - Searching for files in /opt/airflow/dags
[2026-07-21T04:52:33.517+0000] {manager.py:763} INFO - There are 0 files in /opt/airflow/dags
[2026-07-21T04:57:34.101+0000] {manager.py:760} INFO - Searching for files in /opt/airflow/dags
[2026-07-21T04:57:34.110+0000] {manager.py:763} INFO - There are 0 files in /opt/airflow/dags
[2026-07-21T05:02:34.730+0000] {manager.py:760} INFO - Searching for files in /opt/airflow/dags
[2026-07-21T05:02:34.736+0000] {manager.py:763} INFO - There are 0 files in /opt/airflow/dags
[2026-07-21T05:07:35.494+0000] {manager.py:760} INFO - Searching for files in /opt/airflow/dags
[2026-07-21T05:07:35.503+0000] {manager.py:763} INFO - There are 0 files in /opt/airflow/dags
[2026-07-21T05:12:36.277+0000] {manager.py:760} INFO - Searching for files in /opt/airflow/dags
[2026-07-21T05:12:36.284+0000] {manager.py:763} INFO - There are 0 files in /opt/airflow/dags
[2026-07-21T05:17:37.139+0000] {manager.py:760} INFO - Searching for files in /opt/airflow/dags
[2026-07-21T05:17:37.144+0000] {manager.py:763} INFO - There are 0 files in /opt/airflow/dags
[2026-07-21T05:22:37.887+0000] {manager.py:760} INFO - Searching for files in /opt/airflow/dags
[2026-07-21T05:22:37.895+0000] {manager.py:763} INFO - There are 0 files in /opt/airflow/dags
[2026-07-21T05:27:38.678+0000] {manager.py:760} INFO - Searching for files in /opt/airflow/dags
[2026-07-21T05:27:38.684+0000] {manager.py:763} INFO - There are 0 files in /opt/airflow/dags
[2026-07-21T07:10:05.203+0000] {manager.py:760} INFO - Searching for files in /opt/airflow/dags
[2026-07-21T07:10:05.953+0000] {manager.py:763} INFO - There are 0 files in /opt/airflow/dags
[2026-07-21T07:15:05.676+0000] {manager.py:760} INFO - Searching for files in /opt/airflow/dags
[2026-07-21T07:15:06.087+0000] {manager.py:763} INFO - There are 0 files in /opt/airflow/dags
[2026-07-21T07:20:05.876+0000] {manager.py:760} INFO - Searching for files in /opt/airflow/dags
[2026-07-21T07:20:05.880+0000] {manager.py:763} INFO - There are 0 files in /opt/airflow/dags
[2026-07-21T07:25:06.572+0000] {manager.py:760} INFO - Searching for files in /opt/airflow/dags
[2026-07-21T07:25:06.576+0000] {manager.py:763} INFO - There are 0 files in /opt/airflow/dags
[2026-07-21T07:30:07.222+0000] {manager.py:760} INFO - Searching for files in /opt/airflow/dags
[2026-07-21T07:30:07.228+0000] {manager.py:763} INFO - There are 0 files in /opt/airflow/dags
[2026-07-21T07:35:07.748+0000] {manager.py:760} INFO - Searching for files in /opt/airflow/dags
[2026-07-21T07:35:07.753+0000] {manager.py:763} INFO - There are 0 files in /opt/airflow/dags
[2026-07-21T07:40:08.428+0000] {manager.py:760} INFO - Searching for files in /opt/airflow/dags
[2026-07-21T07:40:08.437+0000] {manager.py:763} INFO - There are 0 files in /opt/airflow/dags
[2026-07-21T07:45:09.048+0000] {manager.py:760} INFO - Searching for files in /opt/airflow/dags
[2026-07-21T07:45:09.054+0000] {manager.py:763} INFO - There are 0 files in /opt/airflow/dags
[2026-07-21T07:50:09.966+0000] {manager.py:760} INFO - Searching for files in /opt/airflow/dags
[2026-07-21T07:50:09.970+0000] {manager.py:763} INFO - There are 0 files in /opt/airflow/dags
[2026-07-21T07:55:10.525+0000] {manager.py:760} INFO - Searching for files in /opt/airflow/dags
[2026-07-21T07:55:10.530+0000] {manager.py:763} INFO - There are 0 files in /opt/airflow/dags
